c:\users\batut\desktop\xoidpeer\x64\release\xoidpeer.pdb
c:\users\batut\desktop\xoidpeer\xoidpeer\x64\release\server.obj
c:\users\batut\desktop\xoidpeer\xoidpeer\x64\release\ratelimiter.obj
c:\users\batut\desktop\xoidpeer\xoidpeer\x64\release\packetguard.obj
c:\users\batut\desktop\xoidpeer\xoidpeer\x64\release\packet.obj
c:\users\batut\desktop\xoidpeer\xoidpeer\x64\release\client.obj
c:\users\batut\desktop\xoidpeer\xoidpeer\x64\release\client.h.ifc
c:\users\batut\desktop\xoidpeer\xoidpeer\x64\release\client.h.ifc.d.json
c:\users\batut\desktop\xoidpeer\xoidpeer\x64\release\client.h.obj
c:\users\batut\desktop\xoidpeer\x64\release\xoidpeer.lib
c:\users\batut\desktop\xoidpeer\xoidpeer\x64\release\client.h.module.json
c:\users\batut\desktop\xoidpeer\xoidpeer\x64\release\xoidpeer.tlog\cl.command.1.tlog
c:\users\batut\desktop\xoidpeer\xoidpeer\x64\release\xoidpeer.tlog\cl.items.tlog
c:\users\batut\desktop\xoidpeer\xoidpeer\x64\release\xoidpeer.tlog\cl.read.1.tlog
c:\users\batut\desktop\xoidpeer\xoidpeer\x64\release\xoidpeer.tlog\cl.write.1.tlog
c:\users\batut\desktop\xoidpeer\xoidpeer\x64\release\xoidpeer.tlog\lib-link.read.1.tlog
c:\users\batut\desktop\xoidpeer\xoidpeer\x64\release\xoidpeer.tlog\lib-link.write.1.tlog
c:\users\batut\desktop\xoidpeer\xoidpeer\x64\release\xoidpeer.tlog\lib.command.1.tlog
c:\users\batut\desktop\xoidpeer\xoidpeer\x64\release\xoidpeer_md.tlog\cl.command.1.tlog
c:\users\batut\desktop\xoidpeer\xoidpeer\x64\release\xoidpeer_md.tlog\microsoft.build.cpptasks.cl.read.1.tlog
c:\users\batut\desktop\xoidpeer\xoidpeer\x64\release\xoidpeer_md.tlog\microsoft.build.cpptasks.cl.write.1.tlog
